Microsoft Windows [Version 10.0.19045.4170]
(c) Microsoft Corporation. All rights reserved.

C:\Users\jhta>sqlplus scott/tiger

SQL*Plus: Release 21.0.0.0.0 - Production on 화 4월 23 11:15:03 2024
Version 21.3.0.0.0

Copyright (c) 1982, 2021, Oracle.  All rights reserved.

마지막 성공한 로그인 시간: 화 4월  23 2024 09:41:52 +09:00

다음에 접속됨:
Oracle Database 21c Express Edition Release 21.0.0.0.0 - Production
Version 21.3.0.0.0

SQL> CREATE TABLE PRODUCT
  2  (PNO NUMBER(7),
  3  PNAME VARCHAR2(50),
  4  DCRATIO NUMBER(3),
  5  PRODESC VARCHAR2(100),
  6  QTY NUMBER(8),
  7  IMGFILE VARCHAR2(100),
  8  BIGFILE VARCHAR2(100));

테이블이 생성되었습니다.

SQL> DESC PRODUCT
 이름                                      널?      유형
 ----------------------------------------- -------- ----------------------------
 PNO                                                NUMBER(7)
 PNAME                                              VARCHAR2(50)
 DCRATIO                                            NUMBER(3)
 PRODESC                                            VARCHAR2(100)
 QTY                                                NUMBER(8)
 IMGFILE                                            VARCHAR2(100)
 BIGFILE                                            VARCHAR2(100)

SQL> INSERT INTO PRODUCT VALUES(1, '제품1', 0, '제품1 설명', 30, '', '');

1 개의 행이 만들어졌습니다.

SQL> INSERT INTO PRODUCT VALUES(2, '제품2', 10, '제품2 설명', 10, '', '');

1 개의 행이 만들어졌습니다.

SQL> SELECT * FROM PRODUCT;

       PNO
----------
PNAME
--------------------------------------------------------------------------------
   DCRATIO
----------
PRODESC
--------------------------------------------------------------------------------
       QTY
----------
IMGFILE
--------------------------------------------------------------------------------
BIGFILE
--------------------------------------------------------------------------------
         1

       PNO
----------
PNAME
--------------------------------------------------------------------------------
   DCRATIO
----------
PRODESC
--------------------------------------------------------------------------------
       QTY
----------
IMGFILE
--------------------------------------------------------------------------------
BIGFILE
--------------------------------------------------------------------------------
제품1

       PNO
----------
PNAME
--------------------------------------------------------------------------------
   DCRATIO
----------
PRODESC
--------------------------------------------------------------------------------
       QTY
----------
IMGFILE
--------------------------------------------------------------------------------
BIGFILE
--------------------------------------------------------------------------------
         0

       PNO
----------
PNAME
--------------------------------------------------------------------------------
   DCRATIO
----------
PRODESC
--------------------------------------------------------------------------------
       QTY
----------
IMGFILE
--------------------------------------------------------------------------------
BIGFILE
--------------------------------------------------------------------------------
제품1 설명

       PNO
----------
PNAME
--------------------------------------------------------------------------------
   DCRATIO
----------
PRODESC
--------------------------------------------------------------------------------
       QTY
----------
IMGFILE
--------------------------------------------------------------------------------
BIGFILE
--------------------------------------------------------------------------------
        30

       PNO
----------
PNAME
--------------------------------------------------------------------------------
   DCRATIO
----------
PRODESC
--------------------------------------------------------------------------------
       QTY
----------
IMGFILE
--------------------------------------------------------------------------------
BIGFILE
--------------------------------------------------------------------------------


       PNO
----------
PNAME
--------------------------------------------------------------------------------
   DCRATIO
----------
PRODESC
--------------------------------------------------------------------------------
       QTY
----------
IMGFILE
--------------------------------------------------------------------------------
BIGFILE
--------------------------------------------------------------------------------


       PNO
----------
PNAME
--------------------------------------------------------------------------------
   DCRATIO
----------
PRODESC
--------------------------------------------------------------------------------
       QTY
----------
IMGFILE
--------------------------------------------------------------------------------
BIGFILE
--------------------------------------------------------------------------------


       PNO
----------
PNAME
--------------------------------------------------------------------------------
   DCRATIO
----------
PRODESC
--------------------------------------------------------------------------------
       QTY
----------
IMGFILE
--------------------------------------------------------------------------------
BIGFILE
--------------------------------------------------------------------------------
         2

       PNO
----------
PNAME
--------------------------------------------------------------------------------
   DCRATIO
----------
PRODESC
--------------------------------------------------------------------------------
       QTY
----------
IMGFILE
--------------------------------------------------------------------------------
BIGFILE
--------------------------------------------------------------------------------
제품2

       PNO
----------
PNAME
--------------------------------------------------------------------------------
   DCRATIO
----------
PRODESC
--------------------------------------------------------------------------------
       QTY
----------
IMGFILE
--------------------------------------------------------------------------------
BIGFILE
--------------------------------------------------------------------------------
        10

       PNO
----------
PNAME
--------------------------------------------------------------------------------
   DCRATIO
----------
PRODESC
--------------------------------------------------------------------------------
       QTY
----------
IMGFILE
--------------------------------------------------------------------------------
BIGFILE
--------------------------------------------------------------------------------
제품2 설명

       PNO
----------
PNAME
--------------------------------------------------------------------------------
   DCRATIO
----------
PRODESC
--------------------------------------------------------------------------------
       QTY
----------
IMGFILE
--------------------------------------------------------------------------------
BIGFILE
--------------------------------------------------------------------------------
        10

       PNO
----------
PNAME
--------------------------------------------------------------------------------
   DCRATIO
----------
PRODESC
--------------------------------------------------------------------------------
       QTY
----------
IMGFILE
--------------------------------------------------------------------------------
BIGFILE
--------------------------------------------------------------------------------


       PNO
----------
PNAME
--------------------------------------------------------------------------------
   DCRATIO
----------
PRODESC
--------------------------------------------------------------------------------
       QTY
----------
IMGFILE
--------------------------------------------------------------------------------
BIGFILE
--------------------------------------------------------------------------------


       PNO
----------
PNAME
--------------------------------------------------------------------------------
   DCRATIO
----------
PRODESC
--------------------------------------------------------------------------------
       QTY
----------
IMGFILE
--------------------------------------------------------------------------------
BIGFILE
--------------------------------------------------------------------------------


SQL> COL pno a10;
SP2-0158: 알 수 없는 COLUMN 옵션 "a10"
SQL> col product(pno) a10;
SP2-0158: 알 수 없는 COLUMN 옵션 "a10"
SQL> col pno a15;
SP2-0158: 알 수 없는 COLUMN 옵션 "a15"
SQL> DROP TABLE PRODUCT;

테이블이 삭제되었습니다.

SQL> CREATE TABLE PRODUCT
  2  (PNO NUMBER(7),
  3  PNAME VARCHAR2(50),
  4  PRICE NUMBER
  5  ,
  6  DCRATIO NUMBER(3),
  7  PRODESC VARCHAR2(100),
  8  QTY NUMBER(8),
  9  IMGFILE VARCHAR2(100),
 10  BIGFILE VARCHAR2(100));

테이블이 생성되었습니다.

SQL> INSERT INTO PRODUCT VALUES(1, '제품1', 10000, 0, '제품 1에 대한 설명', 30, '', '');

1 개의 행이 만들어졌습니다.

SQL> INSERT INTO PRODUCT VALUES(2, '제품2', 15000, 10, '제품 2에 대한 설명', 10, '', '');

1 개의 행이 만들어졌습니다.

SQL> COMMIT;

커밋이 완료되었습니다.

SQL> INSERT INTO PRODUCT VALUES(3, '제에품', 12000, 5, '제에품에 대한 설명', 15, '', '');

1 개의 행이 만들어졌습니다.

SQL> commit;

커밋이 완료되었습니다.

SQL> delet from product;
SP2-0734: "delet from..."(으)로 시작되는 알 수 없는 명령 - 나머지 줄은 무시되었습니다.
SQL> delete from product;

3 행이 삭제되었습니다.

SQL> CREATE SEQUENCE PRODUCT_PNO_SEQ
  2  START WITH 1
  3  INCREMENT BY 1
  4  NOCACHE
  5  NOCYCLE;

시퀀스가 생성되었습니다.

SQL> COMMIT;

커밋이 완료되었습니다.

SQL>
SQL> MODIFY imgfile varchar2(200);
SP2-0734: "MODIFY img..."(으)로 시작되는 알 수 없는 명령 - 나머지 줄은 무시되었습니다.
SQL> ALTER TABLE PRODUCT MODIFY imgfile VARCHAR2(200);

테이블이 변경되었습니다.

SQL> ALTER TABLE PRODUCT MODIFY bigfile VARCHAR2(200);

테이블이 변경되었습니다.

SQL> INSERT INTO PRODUCT VALUES(PRODUCT_PNO_SEQ.NEXTVAL,'저당 초콜릿 초코바', 9400, 8, '가볍게 즐기는 초콜릿 바 아이스크림', 75, 'https://shop-phinf.pstatic.net/20240327_83/1711502452444KWWFV_JPEG/1993841451288540_1790779556.jpg?type=m510', 'https://shop-phinf.pstatic.net/20231129_152/1701237158849K4typ_JPEG/6837529644110370_445197186.jpg?type=m510')
  2  ;

1 개의 행이 만들어졌습니다.

SQL> INSERT INTO PRODUCT VALUES(PRODUCT_PNO_SEQ.NEXTVAL,'뉴질랜드 루비레드 키위', 24900, 21, '생동감 넘치는 붉은빛을 뽐 내는 뉴질랜드 루비레드', 120, 'https://shop-phinf.pstatic.net/20240414_291/1713097685609ipHKk_JPEG/37009088528434870_83385394.jpg?type=m510', 'https://shop-phinf.pstatic.net/20240414_246/17130976859247mmBl_JPEG/37009088844411857_1352452471.jpg?type=m510');

1 개의 행이 만들어졌습니다.

SQL> INSERT INTO PRODUCT VALUES(PRODUCT_PNO_SEQ.NEXTVAL,'호박인절미 떡케이크', 35900, 8, '쫄깃하고 고소한 호박인절미 떡 케이크', 50, 'https://shop-phinf.pstatic.net/20240416_42/1713252161818VPi3V_JPEG/4650692665541145_2096151676.jpg?type=m510', 'https://shop-phinf.pstatic.net/20231116_251/1700110052124Deipi_JPEG/9929300968514127_28673799.jpg?type=m510');

1 개의 행이 만들어졌습니다.

SQL> INSERT INTO PRODUCT VALUES(PRODUCT_PNO_SEQ.NEXTVAL,'구운란', 11900, 26, '고소하고 부드럽게 구운 맛있는 계란', 250, 'https://shop-phinf.pstatic.net/20231219_164/1702974452224agqPp_JPEG/2983064059756715_487347420.jpg?type=m510', 'https://shop-phinf.pstatic.net/20231219_147/1702974452364BNcBz_JPEG/2983064199126229_357196618.jpg?type=m510');

1 개의 행이 만들어졌습니다.

SQL>
SQL>
SQL> INSERT INTO PRODUCT VALUES(PRODUCT_PNO_SEQ.NEXTVAL,'케이준 치킨 샐러드', 3990, 17, '신선함을 담아낸 케이준 치킨 샐 러드', 100, 'https://shop-phinf.pstatic.net/20240325_76/1711346297149CLg1c_JPEG/40617931809603300_595970114.jpg?type=m510', 'https://shop-phinf.pstatic.net/20240325_40/1711346297305C20n3_JPEG/40617931963196657_297204798.jpg?type=m510');

1 개의 행이 만들어졌습니다.

SQL> commit;

커밋이 완료되었습니다.

SQL> select * from product;

       PNO
----------
PNAME
--------------------------------------------------------------------------------
     PRICE    DCRATIO
---------- ----------
PRODESC
--------------------------------------------------------------------------------
       QTY
----------
IMGFILE
--------------------------------------------------------------------------------
BIGFILE
--------------------------------------------------------------------------------
         1

       PNO
----------
PNAME
--------------------------------------------------------------------------------
     PRICE    DCRATIO
---------- ----------
PRODESC
--------------------------------------------------------------------------------
       QTY
----------
IMGFILE
--------------------------------------------------------------------------------
BIGFILE
--------------------------------------------------------------------------------
저당 초콜릿 초코바

       PNO
----------
PNAME
--------------------------------------------------------------------------------
     PRICE    DCRATIO
---------- ----------
PRODESC
--------------------------------------------------------------------------------
       QTY
----------
IMGFILE
--------------------------------------------------------------------------------
BIGFILE
--------------------------------------------------------------------------------
      9400          8

       PNO
----------
PNAME
--------------------------------------------------------------------------------
     PRICE    DCRATIO
---------- ----------
PRODESC
--------------------------------------------------------------------------------
       QTY
----------
IMGFILE
--------------------------------------------------------------------------------
BIGFILE
--------------------------------------------------------------------------------
가볍게 즐기는 초콜릿 바 아이스크림

       PNO
----------
PNAME
--------------------------------------------------------------------------------
     PRICE    DCRATIO
---------- ----------
PRODESC
--------------------------------------------------------------------------------
       QTY
----------
IMGFILE
--------------------------------------------------------------------------------
BIGFILE
--------------------------------------------------------------------------------
        75

       PNO
----------
PNAME
--------------------------------------------------------------------------------
     PRICE    DCRATIO
---------- ----------
PRODESC
--------------------------------------------------------------------------------
       QTY
----------
IMGFILE
--------------------------------------------------------------------------------
BIGFILE
--------------------------------------------------------------------------------
https://shop-phinf.pstatic.net/20240327_83/1711502452444KWWFV_JPEG/1993841451288

       PNO
----------
PNAME
--------------------------------------------------------------------------------
     PRICE    DCRATIO
---------- ----------
PRODESC
--------------------------------------------------------------------------------
       QTY
----------
IMGFILE
--------------------------------------------------------------------------------
BIGFILE
--------------------------------------------------------------------------------
540_1790779556.jpg?type=m510

       PNO
----------
PNAME
--------------------------------------------------------------------------------
     PRICE    DCRATIO
---------- ----------
PRODESC
--------------------------------------------------------------------------------
       QTY
----------
IMGFILE
--------------------------------------------------------------------------------
BIGFILE
--------------------------------------------------------------------------------
https://shop-phinf.pstatic.net/20231129_152/1701237158849K4typ_JPEG/683752964411

       PNO
----------
PNAME
--------------------------------------------------------------------------------
     PRICE    DCRATIO
---------- ----------
PRODESC
--------------------------------------------------------------------------------
       QTY
----------
IMGFILE
--------------------------------------------------------------------------------
BIGFILE
--------------------------------------------------------------------------------
0370_445197186.jpg?type=m510

       PNO
----------
PNAME
--------------------------------------------------------------------------------
     PRICE    DCRATIO
---------- ----------
PRODESC
--------------------------------------------------------------------------------
       QTY
----------
IMGFILE
--------------------------------------------------------------------------------
BIGFILE
--------------------------------------------------------------------------------


       PNO
----------
PNAME
--------------------------------------------------------------------------------
     PRICE    DCRATIO
---------- ----------
PRODESC
--------------------------------------------------------------------------------
       QTY
----------
IMGFILE
--------------------------------------------------------------------------------
BIGFILE
--------------------------------------------------------------------------------
         2

       PNO
----------
PNAME
--------------------------------------------------------------------------------
     PRICE    DCRATIO
---------- ----------
PRODESC
--------------------------------------------------------------------------------
       QTY
----------
IMGFILE
--------------------------------------------------------------------------------
BIGFILE
--------------------------------------------------------------------------------
뉴질랜드 루비레드 키위

       PNO
----------
PNAME
--------------------------------------------------------------------------------
     PRICE    DCRATIO
---------- ----------
PRODESC
--------------------------------------------------------------------------------
       QTY
----------
IMGFILE
--------------------------------------------------------------------------------
BIGFILE
--------------------------------------------------------------------------------
     24900         21

       PNO
----------
PNAME
--------------------------------------------------------------------------------
     PRICE    DCRATIO
---------- ----------
PRODESC
--------------------------------------------------------------------------------
       QTY
----------
IMGFILE
--------------------------------------------------------------------------------
BIGFILE
--------------------------------------------------------------------------------
생동감 넘치는 붉은빛을 뽐내는 뉴질랜드 루비레드

       PNO
----------
PNAME
--------------------------------------------------------------------------------
     PRICE    DCRATIO
---------- ----------
PRODESC
--------------------------------------------------------------------------------
       QTY
----------
IMGFILE
--------------------------------------------------------------------------------
BIGFILE
--------------------------------------------------------------------------------
       120

       PNO
----------
PNAME
--------------------------------------------------------------------------------
     PRICE    DCRATIO
---------- ----------
PRODESC
--------------------------------------------------------------------------------
       QTY
----------
IMGFILE
--------------------------------------------------------------------------------
BIGFILE
--------------------------------------------------------------------------------
https://shop-phinf.pstatic.net/20240414_291/1713097685609ipHKk_JPEG/370090885284

       PNO
----------
PNAME
--------------------------------------------------------------------------------
     PRICE    DCRATIO
---------- ----------
PRODESC
--------------------------------------------------------------------------------
       QTY
----------
IMGFILE
--------------------------------------------------------------------------------
BIGFILE
--------------------------------------------------------------------------------
34870_83385394.jpg?type=m510

       PNO
----------
PNAME
--------------------------------------------------------------------------------
     PRICE    DCRATIO
---------- ----------
PRODESC
--------------------------------------------------------------------------------
       QTY
----------
IMGFILE
--------------------------------------------------------------------------------
BIGFILE
--------------------------------------------------------------------------------
https://shop-phinf.pstatic.net/20240414_246/17130976859247mmBl_JPEG/370090888444

       PNO
----------
PNAME
--------------------------------------------------------------------------------
     PRICE    DCRATIO
---------- ----------
PRODESC
--------------------------------------------------------------------------------
       QTY
----------
IMGFILE
--------------------------------------------------------------------------------
BIGFILE
--------------------------------------------------------------------------------
11857_1352452471.jpg?type=m510

       PNO
----------
PNAME
--------------------------------------------------------------------------------
     PRICE    DCRATIO
---------- ----------
PRODESC
--------------------------------------------------------------------------------
       QTY
----------
IMGFILE
--------------------------------------------------------------------------------
BIGFILE
--------------------------------------------------------------------------------


       PNO
----------
PNAME
--------------------------------------------------------------------------------
     PRICE    DCRATIO
---------- ----------
PRODESC
--------------------------------------------------------------------------------
       QTY
----------
IMGFILE
--------------------------------------------------------------------------------
BIGFILE
--------------------------------------------------------------------------------
         3

       PNO
----------
PNAME
--------------------------------------------------------------------------------
     PRICE    DCRATIO
---------- ----------
PRODESC
--------------------------------------------------------------------------------
       QTY
----------
IMGFILE
--------------------------------------------------------------------------------
BIGFILE
--------------------------------------------------------------------------------
호박인절미 떡케이크

       PNO
----------
PNAME
--------------------------------------------------------------------------------
     PRICE    DCRATIO
---------- ----------
PRODESC
--------------------------------------------------------------------------------
       QTY
----------
IMGFILE
--------------------------------------------------------------------------------
BIGFILE
--------------------------------------------------------------------------------
     35900          8

       PNO
----------
PNAME
--------------------------------------------------------------------------------
     PRICE    DCRATIO
---------- ----------
PRODESC
--------------------------------------------------------------------------------
       QTY
----------
IMGFILE
--------------------------------------------------------------------------------
BIGFILE
--------------------------------------------------------------------------------
쫄깃하고 고소한 호박인절미 떡케이크

       PNO
----------
PNAME
--------------------------------------------------------------------------------
     PRICE    DCRATIO
---------- ----------
PRODESC
--------------------------------------------------------------------------------
       QTY
----------
IMGFILE
--------------------------------------------------------------------------------
BIGFILE
--------------------------------------------------------------------------------
        50

       PNO
----------
PNAME
--------------------------------------------------------------------------------
     PRICE    DCRATIO
---------- ----------
PRODESC
--------------------------------------------------------------------------------
       QTY
----------
IMGFILE
--------------------------------------------------------------------------------
BIGFILE
--------------------------------------------------------------------------------
https://shop-phinf.pstatic.net/20240416_42/1713252161818VPi3V_JPEG/4650692665541

       PNO
----------
PNAME
--------------------------------------------------------------------------------
     PRICE    DCRATIO
---------- ----------
PRODESC
--------------------------------------------------------------------------------
       QTY
----------
IMGFILE
--------------------------------------------------------------------------------
BIGFILE
--------------------------------------------------------------------------------
145_2096151676.jpg?type=m510

       PNO
----------
PNAME
--------------------------------------------------------------------------------
     PRICE    DCRATIO
---------- ----------
PRODESC
--------------------------------------------------------------------------------
       QTY
----------
IMGFILE
--------------------------------------------------------------------------------
BIGFILE
--------------------------------------------------------------------------------
https://shop-phinf.pstatic.net/20231116_251/1700110052124Deipi_JPEG/992930096851

       PNO
----------
PNAME
--------------------------------------------------------------------------------
     PRICE    DCRATIO
---------- ----------
PRODESC
--------------------------------------------------------------------------------
       QTY
----------
IMGFILE
--------------------------------------------------------------------------------
BIGFILE
--------------------------------------------------------------------------------
4127_28673799.jpg?type=m510

       PNO
----------
PNAME
--------------------------------------------------------------------------------
     PRICE    DCRATIO
---------- ----------
PRODESC
--------------------------------------------------------------------------------
       QTY
----------
IMGFILE
--------------------------------------------------------------------------------
BIGFILE
--------------------------------------------------------------------------------


       PNO
----------
PNAME
--------------------------------------------------------------------------------
     PRICE    DCRATIO
---------- ----------
PRODESC
--------------------------------------------------------------------------------
       QTY
----------
IMGFILE
--------------------------------------------------------------------------------
BIGFILE
--------------------------------------------------------------------------------
         4

       PNO
----------
PNAME
--------------------------------------------------------------------------------
     PRICE    DCRATIO
---------- ----------
PRODESC
--------------------------------------------------------------------------------
       QTY
----------
IMGFILE
--------------------------------------------------------------------------------
BIGFILE
--------------------------------------------------------------------------------
구운란

       PNO
----------
PNAME
--------------------------------------------------------------------------------
     PRICE    DCRATIO
---------- ----------
PRODESC
--------------------------------------------------------------------------------
       QTY
----------
IMGFILE
--------------------------------------------------------------------------------
BIGFILE
--------------------------------------------------------------------------------
     11900         26

       PNO
----------
PNAME
--------------------------------------------------------------------------------
     PRICE    DCRATIO
---------- ----------
PRODESC
--------------------------------------------------------------------------------
       QTY
----------
IMGFILE
--------------------------------------------------------------------------------
BIGFILE
--------------------------------------------------------------------------------
고소하고 부드럽게 구운 맛있는 계란

       PNO
----------
PNAME
--------------------------------------------------------------------------------
     PRICE    DCRATIO
---------- ----------
PRODESC
--------------------------------------------------------------------------------
       QTY
----------
IMGFILE
--------------------------------------------------------------------------------
BIGFILE
--------------------------------------------------------------------------------
       250

       PNO
----------
PNAME
--------------------------------------------------------------------------------
     PRICE    DCRATIO
---------- ----------
PRODESC
--------------------------------------------------------------------------------
       QTY
----------
IMGFILE
--------------------------------------------------------------------------------
BIGFILE
--------------------------------------------------------------------------------
https://shop-phinf.pstatic.net/20231219_164/1702974452224agqPp_JPEG/298306405975

       PNO
----------
PNAME
--------------------------------------------------------------------------------
     PRICE    DCRATIO
---------- ----------
PRODESC
--------------------------------------------------------------------------------
       QTY
----------
IMGFILE
--------------------------------------------------------------------------------
BIGFILE
--------------------------------------------------------------------------------
6715_487347420.jpg?type=m510

       PNO
----------
PNAME
--------------------------------------------------------------------------------
     PRICE    DCRATIO
---------- ----------
PRODESC
--------------------------------------------------------------------------------
       QTY
----------
IMGFILE
--------------------------------------------------------------------------------
BIGFILE
--------------------------------------------------------------------------------
https://shop-phinf.pstatic.net/20231219_147/1702974452364BNcBz_JPEG/298306419912

       PNO
----------
PNAME
--------------------------------------------------------------------------------
     PRICE    DCRATIO
---------- ----------
PRODESC
--------------------------------------------------------------------------------
       QTY
----------
IMGFILE
--------------------------------------------------------------------------------
BIGFILE
--------------------------------------------------------------------------------
6229_357196618.jpg?type=m510

       PNO
----------
PNAME
--------------------------------------------------------------------------------
     PRICE    DCRATIO
---------- ----------
PRODESC
--------------------------------------------------------------------------------
       QTY
----------
IMGFILE
--------------------------------------------------------------------------------
BIGFILE
--------------------------------------------------------------------------------


       PNO
----------
PNAME
--------------------------------------------------------------------------------
     PRICE    DCRATIO
---------- ----------
PRODESC
--------------------------------------------------------------------------------
       QTY
----------
IMGFILE
--------------------------------------------------------------------------------
BIGFILE
--------------------------------------------------------------------------------
         5

       PNO
----------
PNAME
--------------------------------------------------------------------------------
     PRICE    DCRATIO
---------- ----------
PRODESC
--------------------------------------------------------------------------------
       QTY
----------
IMGFILE
--------------------------------------------------------------------------------
BIGFILE
--------------------------------------------------------------------------------
케이준 치킨 샐러드

       PNO
----------
PNAME
--------------------------------------------------------------------------------
     PRICE    DCRATIO
---------- ----------
PRODESC
--------------------------------------------------------------------------------
       QTY
----------
IMGFILE
--------------------------------------------------------------------------------
BIGFILE
--------------------------------------------------------------------------------
      3990         17

       PNO
----------
PNAME
--------------------------------------------------------------------------------
     PRICE    DCRATIO
---------- ----------
PRODESC
--------------------------------------------------------------------------------
       QTY
----------
IMGFILE
--------------------------------------------------------------------------------
BIGFILE
--------------------------------------------------------------------------------
신선함을 담아낸 케이준 치킨 샐러드

       PNO
----------
PNAME
--------------------------------------------------------------------------------
     PRICE    DCRATIO
---------- ----------
PRODESC
--------------------------------------------------------------------------------
       QTY
----------
IMGFILE
--------------------------------------------------------------------------------
BIGFILE
--------------------------------------------------------------------------------
       100

       PNO
----------
PNAME
--------------------------------------------------------------------------------
     PRICE    DCRATIO
---------- ----------
PRODESC
--------------------------------------------------------------------------------
       QTY
----------
IMGFILE
--------------------------------------------------------------------------------
BIGFILE
--------------------------------------------------------------------------------
https://shop-phinf.pstatic.net/20240325_76/1711346297149CLg1c_JPEG/4061793180960

       PNO
----------
PNAME
--------------------------------------------------------------------------------
     PRICE    DCRATIO
---------- ----------
PRODESC
--------------------------------------------------------------------------------
       QTY
----------
IMGFILE
--------------------------------------------------------------------------------
BIGFILE
--------------------------------------------------------------------------------
3300_595970114.jpg?type=m510

       PNO
----------
PNAME
--------------------------------------------------------------------------------
     PRICE    DCRATIO
---------- ----------
PRODESC
--------------------------------------------------------------------------------
       QTY
----------
IMGFILE
--------------------------------------------------------------------------------
BIGFILE
--------------------------------------------------------------------------------
https://shop-phinf.pstatic.net/20240325_40/1711346297305C20n3_JPEG/4061793196319

       PNO
----------
PNAME
--------------------------------------------------------------------------------
     PRICE    DCRATIO
---------- ----------
PRODESC
--------------------------------------------------------------------------------
       QTY
----------
IMGFILE
--------------------------------------------------------------------------------
BIGFILE
--------------------------------------------------------------------------------
6657_297204798.jpg?type=m510

       PNO
----------
PNAME
--------------------------------------------------------------------------------
     PRICE    DCRATIO
---------- ----------
PRODESC
--------------------------------------------------------------------------------
       QTY
----------
IMGFILE
--------------------------------------------------------------------------------
BIGFILE
--------------------------------------------------------------------------------


SQL> col pno format a10
SQL> col pname format a10
SQL> col price format a10
SQL> col dcratio format a10
SQL> col prodesc format a30
SQL> col qty format a10
SQL> col imgfile format a30
SQL> col bigfile format a30;
SQL>
SQL> select * from product;

       PNO PNAME           PRICE    DCRATIO PRODESC
---------- ---------- ---------- ---------- ------------------------------
       QTY IMGFILE                        BIGFILE
---------- ------------------------------ ------------------------------
########## 저당 초콜  ########## ########## 가볍게 즐기는 초콜릿 바 아이스
           릿 초코바                        크림
########## https://shop-phinf.pstatic.net https://shop-phinf.pstatic.net
           /20240327_83/1711502452444KWWF /20231129_152/1701237158849K4t
           V_JPEG/1993841451288540_179077 yp_JPEG/6837529644110370_44519
           9556.jpg?type=m510             7186.jpg?type=m510

########## 뉴질랜드   ########## ########## 생동감 넘치는 붉은빛을 뽐내는
           루비레드                         뉴질랜드 루비레드

       PNO PNAME           PRICE    DCRATIO PRODESC
---------- ---------- ---------- ---------- ------------------------------
       QTY IMGFILE                        BIGFILE
---------- ------------------------------ ------------------------------
           키위
########## https://shop-phinf.pstatic.net https://shop-phinf.pstatic.net
           /20240414_291/1713097685609ipH /20240414_246/17130976859247mm
           Kk_JPEG/37009088528434870_8338 Bl_JPEG/37009088844411857_1352
           5394.jpg?type=m510             452471.jpg?type=m510

########## 호박인절미 ########## ########## 쫄깃하고 고소한 호박인절미 떡
            떡케이크                        케이크
########## https://shop-phinf.pstatic.net https://shop-phinf.pstatic.net

       PNO PNAME           PRICE    DCRATIO PRODESC
---------- ---------- ---------- ---------- ------------------------------
       QTY IMGFILE                        BIGFILE
---------- ------------------------------ ------------------------------
           /20240416_42/1713252161818VPi3 /20231116_251/1700110052124Dei
           V_JPEG/4650692665541145_209615 pi_JPEG/9929300968514127_28673
           1676.jpg?type=m510             799.jpg?type=m510

########## 구운란     ########## ########## 고소하고 부드럽게 구운 맛있는
                                            계란
########## https://shop-phinf.pstatic.net https://shop-phinf.pstatic.net
           /20231219_164/1702974452224agq /20231219_147/1702974452364BNc
           Pp_JPEG/2983064059756715_48734 Bz_JPEG/2983064199126229_35719

       PNO PNAME           PRICE    DCRATIO PRODESC
---------- ---------- ---------- ---------- ------------------------------
       QTY IMGFILE                        BIGFILE
---------- ------------------------------ ------------------------------
           7420.jpg?type=m510             6618.jpg?type=m510

########## 케이준 치  ########## ########## 신선함을 담아낸 케이준 치킨 샐
           킨 샐러드                        러드
########## https://shop-phinf.pstatic.net https://shop-phinf.pstatic.net
           /20240325_76/1711346297149CLg1 /20240325_40/1711346297305C20n
           c_JPEG/40617931809603300_59597 3_JPEG/40617931963196657_29720
           0114.jpg?type=m510             4798.jpg?type=m510


SQL> col pno format a30
SQL> col price format a30
SQL> ;
  1* select * from product
SQL> ;
  1* select * from product
SQL> select * from product;

       PNO PNAME           PRICE    DCRATIO PRODESC
---------- ---------- ---------- ---------- ------------------------------
       QTY IMGFILE                        BIGFILE
---------- ------------------------------ ------------------------------
########## 저당 초콜  ########## ########## 가볍게 즐기는 초콜릿 바 아이스
           릿 초코바                        크림
########## https://shop-phinf.pstatic.net https://shop-phinf.pstatic.net
           /20240327_83/1711502452444KWWF /20231129_152/1701237158849K4t
           V_JPEG/1993841451288540_179077 yp_JPEG/6837529644110370_44519
           9556.jpg?type=m510             7186.jpg?type=m510

########## 뉴질랜드   ########## ########## 생동감 넘치는 붉은빛을 뽐내는
           루비레드                         뉴질랜드 루비레드

       PNO PNAME           PRICE    DCRATIO PRODESC
---------- ---------- ---------- ---------- ------------------------------
       QTY IMGFILE                        BIGFILE
---------- ------------------------------ ------------------------------
           키위
########## https://shop-phinf.pstatic.net https://shop-phinf.pstatic.net
           /20240414_291/1713097685609ipH /20240414_246/17130976859247mm
           Kk_JPEG/37009088528434870_8338 Bl_JPEG/37009088844411857_1352
           5394.jpg?type=m510             452471.jpg?type=m510

########## 호박인절미 ########## ########## 쫄깃하고 고소한 호박인절미 떡
            떡케이크                        케이크
########## https://shop-phinf.pstatic.net https://shop-phinf.pstatic.net

       PNO PNAME           PRICE    DCRATIO PRODESC
---------- ---------- ---------- ---------- ------------------------------
       QTY IMGFILE                        BIGFILE
---------- ------------------------------ ------------------------------
           /20240416_42/1713252161818VPi3 /20231116_251/1700110052124Dei
           V_JPEG/4650692665541145_209615 pi_JPEG/9929300968514127_28673
           1676.jpg?type=m510             799.jpg?type=m510

########## 구운란     ########## ########## 고소하고 부드럽게 구운 맛있는
                                            계란
########## https://shop-phinf.pstatic.net https://shop-phinf.pstatic.net
           /20231219_164/1702974452224agq /20231219_147/1702974452364BNc
           Pp_JPEG/2983064059756715_48734 Bz_JPEG/2983064199126229_35719

       PNO PNAME           PRICE    DCRATIO PRODESC
---------- ---------- ---------- ---------- ------------------------------
       QTY IMGFILE                        BIGFILE
---------- ------------------------------ ------------------------------
           7420.jpg?type=m510             6618.jpg?type=m510

########## 케이준 치  ########## ########## 신선함을 담아낸 케이준 치킨 샐
           킨 샐러드                        러드
########## https://shop-phinf.pstatic.net https://shop-phinf.pstatic.net
           /20240325_76/1711346297149CLg1 /20240325_40/1711346297305C20n
           c_JPEG/40617931809603300_59597 3_JPEG/40617931963196657_29720
           0114.jpg?type=m510             4798.jpg?type=m510


SQL>