127.0.0.1 - - [16/Apr/2024:14:51:22 +0900] "GET / HTTP/1.1" 404 808
0:0:0:0:0:0:0:1 - - [16/Apr/2024:14:51:22 +0900] "GET /web/hello.html HTTP/1.1" 200 155
0:0:0:0:0:0:0:1 - - [16/Apr/2024:14:52:20 +0900] "GET /web/hello.html HTTP/1.1" 304 -
127.0.0.1 - - [16/Apr/2024:14:57:50 +0900] "GET / HTTP/1.1" 404 808
0:0:0:0:0:0:0:1 - - [16/Apr/2024:14:57:50 +0900] "GET /web/hello.html HTTP/1.1" 304 -
0:0:0:0:0:0:0:1 - - [16/Apr/2024:15:49:02 +0900] "GET /web/servlet/web.HelloServlet HTTP/1.1" 404 844
0:0:0:0:0:0:0:1 - - [16/Apr/2024:15:50:31 +0900] "GET //hello.do HTTP/1.1" 404 821
0:0:0:0:0:0:0:1 - - [16/Apr/2024:15:50:37 +0900] "GET /hello.do HTTP/1.1" 404 816
127.0.0.1 - - [16/Apr/2024:15:50:48 +0900] "GET / HTTP/1.1" 404 808
0:0:0:0:0:0:0:1 - - [16/Apr/2024:15:50:48 +0900] "GET /web/hello.do HTTP/1.1" 200 21
0:0:0:0:0:0:0:1 - - [16/Apr/2024:15:56:25 +0900] "GET /web/hello.do HTTP/1.1" 200 21
0:0:0:0:0:0:0:1 - - [16/Apr/2024:15:56:25 +0900] "GET /favicon.ico HTTP/1.1" 404 819
127.0.0.1 - - [16/Apr/2024:15:56:31 +0900] "GET / HTTP/1.1" 404 808
0:0:0:0:0:0:0:1 - - [16/Apr/2024:15:56:31 +0900] "GET /web/hello.do HTTP/1.1" 200 30
0:0:0:0:0:0:0:1 - - [16/Apr/2024:16:11:27 +0900] "GET /web/hello.html HTTP/1.1" 304 -
127.0.0.1 - - [16/Apr/2024:16:15:36 +0900] "GET / HTTP/1.1" 404 808
0:0:0:0:0:0:0:1 - - [16/Apr/2024:16:15:36 +0900] "GET /web/hello.do HTTP/1.1" 200 104
127.0.0.1 - - [16/Apr/2024:16:19:04 +0900] "GET / HTTP/1.1" 404 808
0:0:0:0:0:0:0:1 - - [16/Apr/2024:16:19:04 +0900] "GET /web/hello.do HTTP/1.1" 200 3104
127.0.0.1 - - [16/Apr/2024:16:27:30 +0900] "GET / HTTP/1.1" 404 808
0:0:0:0:0:0:0:1 - - [16/Apr/2024:16:27:30 +0900] "GET /web/gugudan.do HTTP/1.1" 200 105
0:0:0:0:0:0:0:1 - - [16/Apr/2024:16:37:45 +0900] "GET /web/gugudan.do HTTP/1.1" 200 105
127.0.0.1 - - [16/Apr/2024:16:38:09 +0900] "GET / HTTP/1.1" 404 808
0:0:0:0:0:0:0:1 - - [16/Apr/2024:16:38:09 +0900] "GET /web/gugudan.do HTTP/1.1" 200 258
0:0:0:0:0:0:0:1 - - [16/Apr/2024:16:48:08 +0900] "GET /web/gugudan.html HTTP/1.1" 200 126
127.0.0.1 - - [16/Apr/2024:16:48:55 +0900] "GET / HTTP/1.1" 404 808
0:0:0:0:0:0:0:1 - - [16/Apr/2024:16:48:55 +0900] "GET /web/gugudan.html HTTP/1.1" 200 238
0:0:0:0:0:0:0:1 - - [16/Apr/2024:16:50:49 +0900] "GET /web/gugudan2.do?dan=3 HTTP/1.1" 404 827
127.0.0.1 - - [16/Apr/2024:16:52:51 +0900] "GET / HTTP/1.1" 404 808
0:0:0:0:0:0:0:1 - - [16/Apr/2024:16:52:51 +0900] "GET /web/gugudan2.do HTTP/1.1" 500 1316
0:0:0:0:0:0:0:1 - - [16/Apr/2024:16:53:22 +0900] "GET /web/hello.html HTTP/1.1" 304 -
0:0:0:0:0:0:0:1 - - [16/Apr/2024:16:53:30 +0900] "GET /web/gugudan.html HTTP/1.1" 304 -
0:0:0:0:0:0:0:1 - - [16/Apr/2024:16:53:31 +0900] "GET /web/gugudan2.do?dan=3 HTTP/1.1" 200 240
0:0:0:0:0:0:0:1 - - [16/Apr/2024:16:53:41 +0900] "GET /web/gugudan2.do?dan=5 HTTP/1.1" 200 242
0:0:0:0:0:0:0:1 - - [16/Apr/2024:16:58:01 +0900] "GET /web/gugudan2.do?dan=6 HTTP/1.1" 200 242
0:0:0:0:0:0:0:1 - - [16/Apr/2024:16:58:04 +0900] "GET /web/gugudan2.do?dan=10 HTTP/1.1" 200 252
0:0:0:0:0:0:0:1 - - [16/Apr/2024:16:58:06 +0900] "GET /web/gugudan2.do?dan=20 HTTP/1.1" 200 257
0:0:0:0:0:0:0:1 - - [16/Apr/2024:16:58:09 +0900] "GET /web/gugudan2.do?dan=30 HTTP/1.1" 200 258
0:0:0:0:0:0:0:1 - - [16/Apr/2024:16:58:37 +0900] "GET /web/gugudan2.do?dan=50 HTTP/1.1" 200 260
127.0.0.1 - - [16/Apr/2024:16:58:44 +0900] "GET / HTTP/1.1" 404 808
0:0:0:0:0:0:0:1 - - [16/Apr/2024:16:58:44 +0900] "GET /web/gugudan2.do HTTP/1.1" 500 1316
0:0:0:0:0:0:0:1 - - [16/Apr/2024:16:58:52 +0900] "GET /web/gugudan2.do?dan=20 HTTP/1.1" 200 275
127.0.0.1 - - [16/Apr/2024:17:22:28 +0900] "GET / HTTP/1.1" 404 808
0:0:0:0:0:0:0:1 - - [16/Apr/2024:17:22:29 +0900] "GET /web/gugudan2.do HTTP/1.1" 500 1316
0:0:0:0:0:0:0:1 - - [16/Apr/2024:17:22:36 +0900] "GET /web/gugudan2.do?dan=20 HTTP/1.1" 200 277
0:0:0:0:0:0:0:1 - - [16/Apr/2024:17:25:36 +0900] "GET /web/gugudan2.do?dan=20 HTTP/1.1" 200 297
0:0:0:0:0:0:0:1 - - [16/Apr/2024:17:25:45 +0900] "GET /web/gugudan2.do?dan=20 HTTP/1.1" 200 299
0:0:0:0:0:0:0:1 - - [16/Apr/2024:17:26:09 +0900] "GET /web/gugudan2.do?dan=20 HTTP/1.1" 200 299
0:0:0:0:0:0:0:1 - - [16/Apr/2024:17:29:06 +0900] "GET /web/gugudan2.do?dan=20 HTTP/1.1" 200 303
0:0:0:0:0:0:0:1 - - [16/Apr/2024:17:29:28 +0900] "GET /web/gugudan2.do?dan=20 HTTP/1.1" 200 303
0:0:0:0:0:0:0:1 - - [16/Apr/2024:17:29:38 +0900] "GET /web/gugudan2.do?dan=20 HTTP/1.1" 200 303
127.0.0.1 - - [16/Apr/2024:17:34:09 +0900] "GET / HTTP/1.1" 404 808
0:0:0:0:0:0:0:1 - - [16/Apr/2024:17:34:09 +0900] "GET /web/gugudan.html HTTP/1.1" 200 252
0:0:0:0:0:0:0:1 - - [16/Apr/2024:17:34:13 +0900] "POST /web/gugudan2.do HTTP/1.1" 200 286
127.0.0.1 - - [16/Apr/2024:17:49:37 +0900] "GET / HTTP/1.1" 404 808
0:0:0:0:0:0:0:1 - - [16/Apr/2024:17:49:38 +0900] "GET /web/today.to HTTP/1.1" 500 1479
0:0:0:0:0:0:0:1 - - [16/Apr/2024:17:49:54 +0900] "GET /web/today.to HTTP/1.1" 500 1479
127.0.0.1 - - [16/Apr/2024:17:50:18 +0900] "GET / HTTP/1.1" 404 808
0:0:0:0:0:0:0:1 - - [16/Apr/2024:17:50:18 +0900] "GET /web/today.to HTTP/1.1" 200 134
0:0:0:0:0:0:0:1 - - [16/Apr/2024:17:50:55 +0900] "GET /web/today.to HTTP/1.1" 200 134
0:0:0:0:0:0:0:1 - - [16/Apr/2024:17:50:56 +0900] "GET /web/today.to HTTP/1.1" 200 134
0:0:0:0:0:0:0:1 - - [16/Apr/2024:17:50:58 +0900] "GET /web/today.to HTTP/1.1" 200 147
